###############################################################################
#                                                                             #
# IAR ELF Linker V5.41.0.51741/W32 for ARM              04/Sep/2012  17:28:14 #
# Copyright (C) 2007-2009 IAR Systems AB.                                     #
#                                                                             #
#    Output file  =  C:\Documents and Settings\Young-Wan\My                   #
#                    Documents\W5200_newAPI\Application                       #
#                    Note\W5200E01-M3_FTPC\Work\App\Debug\Exe\W5200EVB_App.ou #
#                    t                                                        #
#    Map file     =  C:\Documents and Settings\Young-Wan\My                   #
#                    Documents\W5200_newAPI\Application                       #
#                    Note\W5200E01-M3_FTPC\Work\App\Debug\List\W5200EVB_App.m #
#                    ap                                                       #
#    Command line =  "C:\Documents and Settings\Young-Wan\My                  #
#                    Documents\W5200_newAPI\Application                       #
#                    Note\W5200E01-M3_FTPC\Work\App\Debug\Obj\SPI1.o"         #
#                    "C:\Documents and Settings\Young-Wan\My                  #
#                    Documents\W5200_newAPI\Application                       #
#                    Note\W5200E01-M3_FTPC\Work\App\Debug\Obj\core_cm3.o"     #
#                    "C:\Documents and Settings\Young-Wan\My                  #
#                    Documents\W5200_newAPI\Application                       #
#                    Note\W5200E01-M3_FTPC\Work\App\Debug\Obj\ftp.o"          #
#                    "C:\Documents and Settings\Young-Wan\My                  #
#                    Documents\W5200_newAPI\Application                       #
#                    Note\W5200E01-M3_FTPC\Work\App\Debug\Obj\hyperterminal.o #
#                    " "C:\Documents and Settings\Young-Wan\My                #
#                    Documents\W5200_newAPI\Application                       #
#                    Note\W5200E01-M3_FTPC\Work\App\Debug\Obj\main.o"         #
#                    "C:\Documents and Settings\Young-Wan\My                  #
#                    Documents\W5200_newAPI\Application                       #
#                    Note\W5200E01-M3_FTPC\Work\App\Debug\Obj\misc.o"         #
#                    "C:\Documents and Settings\Young-Wan\My                  #
#                    Documents\W5200_newAPI\Application                       #
#                    Note\W5200E01-M3_FTPC\Work\App\Debug\Obj\socket.o"       #
#                    "C:\Documents and Settings\Young-Wan\My                  #
#                    Documents\W5200_newAPI\Application                       #
#                    Note\W5200E01-M3_FTPC\Work\App\Debug\Obj\startup_stm32f1 #
#                    0x_md.o" "C:\Documents and Settings\Young-Wan\My         #
#                    Documents\W5200_newAPI\Application                       #
#                    Note\W5200E01-M3_FTPC\Work\App\Debug\Obj\stm32f10x_bkp.o #
#                    " "C:\Documents and Settings\Young-Wan\My                #
#                    Documents\W5200_newAPI\Application                       #
#                    Note\W5200E01-M3_FTPC\Work\App\Debug\Obj\stm32f10x_exti. #
#                    o" "C:\Documents and Settings\Young-Wan\My               #
#                    Documents\W5200_newAPI\Application                       #
#                    Note\W5200E01-M3_FTPC\Work\App\Debug\Obj\stm32f10x_flash #
#                    .o" "C:\Documents and Settings\Young-Wan\My              #
#                    Documents\W5200_newAPI\Application                       #
#                    Note\W5200E01-M3_FTPC\Work\App\Debug\Obj\stm32f10x_gpio. #
#                    o" "C:\Documents and Settings\Young-Wan\My               #
#                    Documents\W5200_newAPI\Application                       #
#                    Note\W5200E01-M3_FTPC\Work\App\Debug\Obj\stm32f10x_it.o" #
#                     "C:\Documents and Settings\Young-Wan\My                 #
#                    Documents\W5200_newAPI\Application                       #
#                    Note\W5200E01-M3_FTPC\Work\App\Debug\Obj\stm32f10x_rcc.o #
#                    " "C:\Documents and Settings\Young-Wan\My                #
#                    Documents\W5200_newAPI\Application                       #
#                    Note\W5200E01-M3_FTPC\Work\App\Debug\Obj\stm32f10x_spi.o #
#                    " "C:\Documents and Settings\Young-Wan\My                #
#                    Documents\W5200_newAPI\Application                       #
#                    Note\W5200E01-M3_FTPC\Work\App\Debug\Obj\stm32f10x_tim.o #
#                    " "C:\Documents and Settings\Young-Wan\My                #
#                    Documents\W5200_newAPI\Application                       #
#                    Note\W5200E01-M3_FTPC\Work\App\Debug\Obj\stm32f10x_usart #
#                    .o" "C:\Documents and Settings\Young-Wan\My              #
#                    Documents\W5200_newAPI\Application                       #
#                    Note\W5200E01-M3_FTPC\Work\App\Debug\Obj\system_stm32f10 #
#                    x.o" "C:\Documents and Settings\Young-Wan\My             #
#                    Documents\W5200_newAPI\Application                       #
#                    Note\W5200E01-M3_FTPC\Work\App\Debug\Obj\util.o"         #
#                    "C:\Documents and Settings\Young-Wan\My                  #
#                    Documents\W5200_newAPI\Application                       #
#                    Note\W5200E01-M3_FTPC\Work\App\Debug\Obj\w5200.o" -o     #
#                    "C:\Documents and Settings\Young-Wan\My                  #
#                    Documents\W5200_newAPI\Application                       #
#                    Note\W5200E01-M3_FTPC\Work\App\Debug\Exe\W5200EVB_App.ou #
#                    t" --map "C:\Documents and Settings\Young-Wan\My         #
#                    Documents\W5200_newAPI\Application                       #
#                    Note\W5200E01-M3_FTPC\Work\App\Debug\List\W5200EVB_App.m #
#                    ap" --config "C:\Program Files\IAR Systems\Embedded      #
#                    Workbench 5.4\arm\CONFIG\generic_cortex.icf"             #
#                    --semihosting --entry __iar_program_start                #
#                                                                             #
#                                                                             #
###############################################################################

*******************************************************************************
*** RUNTIME MODEL ATTRIBUTES
***

__endian      = little
__thumb_aware = enabled


*******************************************************************************
*** PLACEMENT SUMMARY
***

"A1":  place at 0x00000000 { ro section .intvec };
"P1":  place in [from 0x00000000 to 0x0007ffff] { ro };
"P2":  place in [from 0x20000000 to 0x2000ffff] {
          rw, block CSTACK, block HEAP };

  Section            Kind        Address    Size  Object
  -------            ----        -------    ----  ------
"A1":                                       0xec
  .intvec            ro code  0x00000000    0xec  startup_stm32f10x_md.o [1]
                            - 0x000000ec    0xec

"P1":                                     0x4644
  .text              ro code  0x000000ec   0xcc2  xprintffull.o [3]
  .text              ro code  0x00000db0   0xbcc  socket.o [1]
  .text              ro code  0x0000197c   0x5da  w5200.o [1]
  .text              ro code  0x00001f58   0x5a4  ftp.o [1]
  .text              ro code  0x000024fc   0x3fc  main.o [1]
  .text              ro code  0x000028f8   0x2d8  stm32f10x_rcc.o [1]
  .text              ro code  0x00002bd0   0x246  DblDiv.o [4]
  .text              ro code  0x00002e18   0x1a2  DblMul.o [4]
  .text              ro code  0x00002fbc   0x17e  DblSub.o [4]
  .text              ro code  0x0000313c   0x158  system_stm32f10x.o [1]
  .text              ro code  0x00003294   0x12e  I64DivMod.o [4]
  .text              ro code  0x000033c4   0x12c  stm32f10x_gpio.o [1]
  .text              ro code  0x000034f0   0x12c  stm32f10x_tim.o [1]
  .text              ro code  0x0000361c   0x118  util.o [1]
  .text              ro code  0x00003734   0x108  xdscale.o [3]
  .text              ro code  0x0000383c   0x102  stm32f10x_usart.o [1]
  .text              ro code  0x00003940    0xe6  DblAdd.o [4]
  .text              ro code  0x00003a28    0xdc  stm32f10x_exti.o [1]
  .text              ro code  0x00003b04    0xd4  hyperterminal.o [1]
  .text              ro code  0x00003bd8    0xc6  xdnorm.o [3]
  .text              ro code  0x00003ca0    0xb0  SPI1.o [1]
  .text              ro code  0x00003d50    0x98  misc.o [1]
  .text              ro code  0x00003de8    0x74  stm32f10x_spi.o [1]
  .text              ro code  0x00003e5c    0x70  ABImemcpy.o [4]
  .text              ro code  0x00003ecc    0x66  ABImemset.o [4]
  .text              ro code  0x00003f34    0x58  memchr.o [4]
  .text              ro code  0x00003f8c    0x56  DblToI32.o [4]
  .rodata            const    0x00003fe4    0x44  ftp.o [1]
  .rodata            const    0x00004028    0x38  ftp.o [1]
  .text              ro code  0x00004060    0x38  stm32f10x_flash.o [1]
  .text              ro code  0x00004098    0x38  stm32f10x_it.o [1]
  .text              ro code  0x000040d0    0x36  strlen.o [4]
  .rodata            const    0x00004108    0x30  main.o [1]
  .text              ro code  0x00004138    0x30  sprintf.o [3]
  .text              ro code  0x00004168    0x30  strstr.o [3]
  .text              ro code  0x00004198    0x2e  DblCmpLe.o [4]
  .text              ro code  0x000041c8    0x2e  DblCmpGe.o [4]
  .text              ro code  0x000041f8    0x2e  I32ToDbl.o [4]
  .rodata            const    0x00004228    0x2c  main.o [1]
  .rodata            const    0x00004254    0x28  main.o [1]
  .rodata            const    0x0000427c    0x28  main.o [1]
  .rodata            const    0x000042a4    0x28  main.o [1]
  .text              ro code  0x000042cc    0x24  copy_init2.o [4]
  .iar.init_table    const    0x000042f0    0x24  - Linker created -
  .rodata            const    0x00004314    0x20  hyperterminal.o [1]
  .text              ro code  0x00004334    0x20  printf.o [3]
  .text              ro code  0x00004354    0x20  data_init2.o [4]
  .rodata            const    0x00004374    0x1c  ftp.o [1]
  .rodata            const    0x00004390    0x1c  ftp.o [1]
  .rodata            const    0x000043ac    0x1c  ftp.o [1]
  .rodata            const    0x000043c8    0x1c  ftp.o [1]
  .rodata            const    0x000043e4    0x1c  ftp.o [1]
  .rodata            const    0x00004400    0x1c  main.o [1]
  .text              ro code  0x0000441c    0x1c  iarwstd.o [5]
  .text              ro code  0x00004438    0x1a  zero_init2.o [4]
  .rodata            const    0x00004454    0x18  ftp.o [1]
  .rodata            const    0x0000446c    0x18  ftp.o [1]
  .rodata            const    0x00004484    0x18  ftp.o [1]
  .text              ro code  0x0000449c    0x18  cmain.o [4]
  .text              ro code  0x000044b4    0x16  strchr.o [4]
  .text              ro code  0x000044ca    0x16  xprout.o [3]
  .rodata            const    0x000044e0    0x14  ftp.o [1]
  .rodata            const    0x000044f4    0x14  main.o [1]
  .rodata            const    0x00004508    0x14  main.o [1]
  .rodata            const    0x0000451c    0x14  main.o [1]
  .rodata            const    0x00004530    0x14  main.o [1]
  .text              ro code  0x00004544    0x14  exit.o [5]
  .text              ro code  0x00004558    0x14  ftp.o [1]
  .text              ro code  0x0000456c    0x10  startup_stm32f10x_md.o [1]
  .text              ro code  0x0000457c     0xe  ftp.o [1]
  .text              ro code  0x0000458a     0xe  div.o [3]
  .rodata            const    0x00004598     0xc  ftp.o [1]
  .rodata            const    0x000045a4     0xc  ftp.o [1]
  .rodata            const    0x000045b0     0xc  ftp.o [1]
  .rodata            const    0x000045bc     0xc  ftp.o [1]
  .rodata            const    0x000045c8     0xc  ftp.o [1]
  .text              ro code  0x000045d4     0xa  cexit.o [4]
  .text              ro code  0x000045de     0xa  xsprout.o [3]
  .rodata            const    0x000045e8     0x8  ftp.o [1]
  .rodata            const    0x000045f0     0x8  ftp.o [1]
  .rodata            const    0x000045f8     0x8  socket.o [1]
  .rodata            const    0x00004600     0x8  socket.o [1]
  .rodata            const    0x00004608     0x8  xprintffull.o [3]
  .text              ro code  0x00004610     0x8  ftp.o [1]
  .text              ro code  0x00004618     0x6  exit.o [3]
  .text              ro code  0x00004620     0x2  I64DivZer.o [4]
  .text              ro code  0x00004622     0x4  startup_stm32f10x_md.o [1]
  .text              ro code  0x00004626     0x4  startup_stm32f10x_md.o [1]
  .text              ro code  0x0000462a     0x4  startup_stm32f10x_md.o [1]
  .text              ro code  0x0000462e     0x4  startup_stm32f10x_md.o [1]
  .text              ro code  0x00004632     0x4  startup_stm32f10x_md.o [1]
  .text              ro code  0x00004636     0x4  startup_stm32f10x_md.o [1]
  .text              ro code  0x0000463a     0x4  startup_stm32f10x_md.o [1]
  .text              ro code  0x0000463e     0x4  startup_stm32f10x_md.o [1]
  .text              ro code  0x00004642     0x4  startup_stm32f10x_md.o [1]
  .text              ro code  0x00004646     0x4  startup_stm32f10x_md.o [1]
  .text              ro code  0x0000464a     0x4  startup_stm32f10x_md.o [1]
  .text              ro code  0x0000464e     0x4  startup_stm32f10x_md.o [1]
  .text              ro code  0x00004652     0x4  startup_stm32f10x_md.o [1]
  .text              ro code  0x00004656     0x4  startup_stm32f10x_md.o [1]
  .text              ro code  0x0000465a     0x4  startup_stm32f10x_md.o [1]
  .text              ro code  0x0000465e     0x4  startup_stm32f10x_md.o [1]
  .text              ro code  0x00004662     0x4  startup_stm32f10x_md.o [1]
  .text              ro code  0x00004666     0x4  startup_stm32f10x_md.o [1]
  .text              ro code  0x0000466a     0x4  startup_stm32f10x_md.o [1]
  .text              ro code  0x0000466e     0x4  startup_stm32f10x_md.o [1]
  .text              ro code  0x00004672     0x4  startup_stm32f10x_md.o [1]
  .text              ro code  0x00004676     0x4  startup_stm32f10x_md.o [1]
  .text              ro code  0x0000467a     0x4  startup_stm32f10x_md.o [1]
  .text              ro code  0x0000467e     0x4  startup_stm32f10x_md.o [1]
  .text              ro code  0x00004682     0x4  startup_stm32f10x_md.o [1]
  .text              ro code  0x00004686     0x4  startup_stm32f10x_md.o [1]
  .text              ro code  0x0000468a     0x4  startup_stm32f10x_md.o [1]
  .text              ro code  0x0000468e     0x4  startup_stm32f10x_md.o [1]
  .text              ro code  0x00004692     0x4  startup_stm32f10x_md.o [1]
  .text              ro code  0x00004696     0x4  startup_stm32f10x_md.o [1]
  .text              ro code  0x0000469a     0x4  startup_stm32f10x_md.o [1]
  .text              ro code  0x0000469e     0x4  startup_stm32f10x_md.o [1]
  .text              ro code  0x000046a2     0x4  startup_stm32f10x_md.o [1]
  .text              ro code  0x000046a6     0x4  startup_stm32f10x_md.o [1]
  .text              ro code  0x000046aa     0x4  startup_stm32f10x_md.o [1]
  .text              ro code  0x000046ae     0x4  startup_stm32f10x_md.o [1]
  .text              ro code  0x000046b2     0x4  startup_stm32f10x_md.o [1]
  .text              ro code  0x000046b6     0x4  startup_stm32f10x_md.o [1]
  .text              ro code  0x000046ba     0x4  startup_stm32f10x_md.o [1]
  .text              ro code  0x000046be     0x4  startup_stm32f10x_md.o [1]
  .text              ro code  0x000046c2     0x4  startup_stm32f10x_md.o [1]
  .text              ro code  0x000046c6     0x4  startup_stm32f10x_md.o [1]
  .text              ro code  0x000046ca     0x4  startup_stm32f10x_md.o [1]
  .text              ro code  0x000046ce     0x4  startup_stm32f10x_md.o [1]
  .text              ro code  0x000046d2     0x4  startup_stm32f10x_md.o [1]
  .text              ro code  0x000046d6     0x4  startup_stm32f10x_md.o [1]
  .text              ro code  0x000046da     0x4  startup_stm32f10x_md.o [1]
  .text              ro code  0x000046de     0x4  startup_stm32f10x_md.o [1]
  .text              ro code  0x000046e2     0x4  startup_stm32f10x_md.o [1]
  .text              ro code  0x000046e6     0x4  startup_stm32f10x_md.o [1]
  .text              ro code  0x000046ea     0x4  startup_stm32f10x_md.o [1]
  .text              ro code  0x000046ee     0x4  startup_stm32f10x_md.o [1]
  .text              ro code  0x000046f2     0x4  low_level_init.o [3]
  Initializer bytes  ro data  0x000046f8    0x38  <for P2 s0> (used: 0x37)
                            - 0x00004730  0x4644

"P2", part 1 of 3:                         0x400
  CSTACK                      0x20000000   0x400  <Block>
    CSTACK           uninit   0x20000000   0x400  <Block tail>
                            - 0x20000400   0x400

"P2", part 2 of 3:                          0x38
  P2 s0                       0x20000400    0x38  <Init block>
    .data            inited   0x20000400    0x10  stm32f10x_rcc.o [1]
    .data            inited   0x20000410     0x8  main.o [1]
    .data            inited   0x20000418     0x4  ftp.o [1]
    .data            inited   0x2000041c     0x4  main.o [1]
    .data            inited   0x20000420     0x4  main.o [1]
    .data            inited   0x20000424     0x4  main.o [1]
    .data            inited   0x20000428     0x4  main.o [1]
    .data            inited   0x2000042c     0x4  main.o [1]
    .data            inited   0x20000430     0x4  stm32f10x_rcc.o [1]
    .data            inited   0x20000434     0x2  ftp.o [1]
    .data            inited   0x20000436     0x1  main.o [1]
                            - 0x20000438    0x38

"P2", part 3 of 3:                        0x1088
  .bss               zero     0x20000438   0x800  ftp.o [1]
  .bss               zero     0x20000c38   0x800  ftp.o [1]
  .bss               zero     0x20001438    0x10  w5200.o [1]
  .bss               zero     0x20001448    0x10  w5200.o [1]
  .bss               zero     0x20001458    0x10  w5200.o [1]
  .bss               zero     0x20001468    0x10  w5200.o [1]
  .bss               zero     0x20001478    0x10  w5200.o [1]
  .bss               zero     0x20001488    0x10  w5200.o [1]
  .bss               zero     0x20001498     0x8  w5200.o [1]
  .bss               zero     0x200014a0     0x4  ftp.o [1]
  .bss               zero     0x200014a4     0x4  ftp.o [1]
  .bss               zero     0x200014a8     0x4  main.o [1]
  .bss               zero     0x200014ac     0x4  socket.o [1]
  .bss               zero     0x200014b0     0x4  socket.o [1]
  .bss               zero     0x200014b4     0x4  iarwstd.o [5]
  .bss               zero     0x200014b8     0x2  socket.o [1]
  .bss               zero     0x200014ba     0x1  ftp.o [1]
  .bss               zero     0x200014bb     0x1  ftp.o [1]
  .bss               zero     0x200014bc     0x1  main.o [1]
  .bss               zero     0x200014bd     0x1  socket.o [1]
                            - 0x200014be  0x1086


*******************************************************************************
*** INIT TABLE
***

          Address     Size
          -------     ----
Zero (__iar_zero_init2)
    1 destination range, total size 0x1086:
          0x20000438  0x1086

Copy (__iar_copy_init2)
    1 source range, total size 0x38 (101% of destination):
          0x000046f8    0x38
    1 destination range, total size 0x37:
          0x20000400    0x37


*******************************************************************************
*** MODULE SUMMARY
***

    Module                  ro code  ro data  rw data
    ------                  -------  -------  -------
C:\Documents and Settings\Young-Wan\My Documents\W5200_newAPI\Application Note\W5200E01-M3_FTPC\Work\App\Debug\Obj: [1]
    SPI1.o                      176
    ftp.o                     1 486      438    4 112
    hyperterminal.o             212       32
    main.o                    1 020      349       34
    misc.o                      152
    socket.o                  3 020       16       11
    startup_stm32f10x_md.o      460
    stm32f10x_exti.o            220
    stm32f10x_flash.o            56
    stm32f10x_gpio.o            300
    stm32f10x_it.o               56
    stm32f10x_rcc.o             728       20       20
    stm32f10x_spi.o             116
    stm32f10x_tim.o             300
    stm32f10x_usart.o           258
    system_stm32f10x.o          344
    util.o                      280
    w5200.o                   1 498               104
    -------------------------------------------------
    Total:                   10 682      855    4 281

command line: [2]
    -------------------------------------------------
    Total:

dl7M_tl_in.a: [3]
    div.o                        14
    exit.o                        6
    low_level_init.o              4
    printf.o                     32
    sprintf.o                    48
    strstr.o                     48
    xdnorm.o                    198
    xdscale.o                   264
    xprintffull.o             3 266        8
    xprout.o                     22
    xsprout.o                    10
    -------------------------------------------------
    Total:                    3 912        8

rt7M_tl.a: [4]
    ABImemcpy.o                 112
    ABImemset.o                 102
    DblAdd.o                    230
    DblCmpGe.o                   46
    DblCmpLe.o                   46
    DblDiv.o                    582
    DblMul.o                    418
    DblSub.o                    382
    DblToI32.o                   86
    I32ToDbl.o                   46
    I64DivMod.o                 302
    I64DivZer.o                   2
    cexit.o                      10
    cmain.o                      24
    copy_init2.o                 36
    data_init2.o                 32
    memchr.o                     88
    strchr.o                     22
    strlen.o                     54
    zero_init2.o                 26
    -------------------------------------------------
    Total:                    2 646

shb_l.a: [5]
    exit.o                       20
    iarwstd.o                    28                 4
    -------------------------------------------------
    Total:                       48                 4

    Gaps                         26        8        1
    Linker created                        39    1 024
-----------------------------------------------------
    Grand Total:             17 314      910    5 310


*******************************************************************************
*** ENTRY LIST
***

Entry                      Address   Size  Type      Object
-----                      -------   ----  ----      ------
ADC1_2_IRQHandler       0x0000468f         Code  Wk  startup_stm32f10x_md.o [1]
ADCPrescTable           0x20000430    0x4  Data  Lc  stm32f10x_rcc.o [1]
APBAHBPrescTable        0x20000400   0x10  Data  Lc  stm32f10x_rcc.o [1]
BusFault_Handler        0x0000409f    0x2  Code  Gb  stm32f10x_it.o [1]
CAN1_RX1_IRQHandler     0x0000469b         Code  Wk  startup_stm32f10x_md.o [1]
CAN1_SCE_IRQHandler     0x0000469f         Code  Wk  startup_stm32f10x_md.o [1]
CSTACK$$Base            0x20000000          --   Gb  - Linker created -
CSTACK$$Limit           0x20000400          --   Gb  - Linker created -
ClearSubnet             0x00000db9   0x10  Code  Gb  socket.o [1]
DHCPEnable              0x200014bd    0x1  Data  Lc  socket.o [1]
DMA1_Channel1_IRQHandler
                        0x00004673         Code  Wk  startup_stm32f10x_md.o [1]
DMA1_Channel2_IRQHandler
                        0x00004677         Code  Wk  startup_stm32f10x_md.o [1]
DMA1_Channel3_IRQHandler
                        0x0000467b         Code  Wk  startup_stm32f10x_md.o [1]
DMA1_Channel4_IRQHandler
                        0x0000467f         Code  Wk  startup_stm32f10x_md.o [1]
DMA1_Channel5_IRQHandler
                        0x00004683         Code  Wk  startup_stm32f10x_md.o [1]
DMA1_Channel6_IRQHandler
                        0x00004687         Code  Wk  startup_stm32f10x_md.o [1]
DMA1_Channel7_IRQHandler
                        0x0000468b         Code  Wk  startup_stm32f10x_md.o [1]
DNSServerIP             0x20000428    0x4  Data  Gb  main.o [1]
DNSServerIP             0x200014b0    0x4  Data  Lc  socket.o [1]
DTP_Port                0x20000418    0x4  Data  Lc  ftp.o [1]
DebugMon_Handler        0x000040a5    0x2  Code  Gb  stm32f10x_it.o [1]
Delay_ms                0x000036db   0x2c  Code  Gb  util.o [1]
Delay_us                0x000036b5   0x26  Code  Gb  util.o [1]
EXTI0_IRQHandler        0x0000465f         Code  Wk  startup_stm32f10x_md.o [1]
EXTI15_10_IRQHandler    0x000046e7         Code  Wk  startup_stm32f10x_md.o [1]
EXTI1_IRQHandler        0x00004663         Code  Wk  startup_stm32f10x_md.o [1]
EXTI2_IRQHandler        0x00004667         Code  Wk  startup_stm32f10x_md.o [1]
EXTI3_IRQHandler        0x0000466b         Code  Wk  startup_stm32f10x_md.o [1]
EXTI4_IRQHandler        0x0000466f         Code  Wk  startup_stm32f10x_md.o [1]
EXTI9_5_IRQHandler      0x000046a3         Code  Wk  startup_stm32f10x_md.o [1]
EXTI_DeInit             0x00003a43   0x20  Code  Gb  stm32f10x_exti.o [1]
EXTI_IMR_EMR_enable     0x00003a29   0x1a  Code  Gb  stm32f10x_exti.o [1]
EXTI_Init               0x00003a63   0x88  Code  Gb  stm32f10x_exti.o [1]
FLASH_IRQHandler        0x00004657         Code  Wk  startup_stm32f10x_md.o [1]
FLASH_PrefetchBufferCmd
                        0x00004079   0x1c  Code  Gb  stm32f10x_flash.o [1]
FLASH_SetLatency        0x00004061   0x18  Code  Gb  stm32f10x_flash.o [1]
FTP_CLIENT_DTP_SOCK     0x20000436    0x1  Data  Gb  main.o [1]
FTP_CLIENT_PI_SOCK      0x200014bc    0x1  Data  Gb  main.o [1]
FTP_SERVER_IP           0x2000042c    0x4  Data  Gb  main.o [1]
GPIO_Configuration      0x000026a3   0xf8  Code  Gb  main.o [1]
GPIO_EXTILineConfig     0x0000349d   0x50  Code  Gb  stm32f10x_gpio.o [1]
GPIO_Init               0x000033c5   0xcc  Code  Gb  stm32f10x_gpio.o [1]
GPIO_ResetBits          0x00003497    0x6  Code  Gb  stm32f10x_gpio.o [1]
GPIO_SetBits            0x00003491    0x6  Code  Gb  stm32f10x_gpio.o [1]
Gateway                 0x20000420    0x4  Data  Gb  main.o [1]
GetInputString          0x00003b6d   0x56  Code  Gb  hyperterminal.o [1]
GetKey                  0x00003b25   0x18  Code  Gb  hyperterminal.o [1]
GetNetInfo              0x000011a1   0x62  Code  Gb  socket.o [1]
GetSocketRxRecvBufferSize
                        0x0000129d    0xa  Code  Gb  socket.o [1]
GetSocketTxFreeBufferSize
                        0x00001293    0xa  Code  Gb  socket.o [1]
GetTCPSocketStatus      0x00001203   0x90  Code  Gb  socket.o [1]
HardFault_Handler       0x0000409b    0x2  Code  Gb  stm32f10x_it.o [1]
I2C1_ER_IRQHandler      0x000046c7         Code  Wk  startup_stm32f10x_md.o [1]
I2C1_EV_IRQHandler      0x000046c3         Code  Wk  startup_stm32f10x_md.o [1]
I2C2_ER_IRQHandler      0x000046cf         Code  Wk  startup_stm32f10x_md.o [1]
I2C2_EV_IRQHandler      0x000046cb         Code  Wk  startup_stm32f10x_md.o [1]
IINCHIP_CSoff           0x000019e1    0xa  Code  Gb  w5200.o [1]
IINCHIP_CSon            0x000019eb    0xa  Code  Gb  w5200.o [1]
IINCHIP_READ            0x00001a37   0x38  Code  Gb  w5200.o [1]
IINCHIP_READ_BLOCK      0x00001ad3   0x58  Code  Gb  w5200.o [1]
IINCHIP_SpiSendData     0x000019f5    0xa  Code  Gb  w5200.o [1]
IINCHIP_WRITE           0x000019ff   0x38  Code  Gb  w5200.o [1]
IINCHIP_WRITE_BLOCK     0x00001a6f   0x64  Code  Gb  w5200.o [1]
IP                      0x2000041c    0x4  Data  Gb  main.o [1]
JumpAddress             0x200014a4    0x4  Data  Gb  ftp.o [1]
Jump_To_Application     0x200014a0    0x4  Data  Gb  ftp.o [1]
LED3_onoff              0x00003641   0x1c  Code  Gb  util.o [1]
LED4_onoff              0x0000365d   0x1c  Code  Gb  util.o [1]
Mac                     0x20000410    0x8  Data  Gb  main.o [1]
MemManage_Handler       0x0000409d    0x2  Code  Gb  stm32f10x_it.o [1]
NMI_Handler             0x00004099    0x2  Code  Gb  stm32f10x_it.o [1]
NVIC_Configuration      0x00002863   0x4c  Code  Gb  main.o [1]
NVIC_Init               0x00003d5b   0x66  Code  Gb  misc.o [1]
NVIC_PriorityGroupConfig
                        0x00003d51    0xa  Code  Gb  misc.o [1]
NVIC_SetVectorTable     0x00003dc1    0xc  Code  Gb  misc.o [1]
PVD_IRQHandler          0x0000464b         Code  Wk  startup_stm32f10x_md.o [1]
Parse_FTPServer_Statuscode
                        0x00002245   0x20  Code  Gb  ftp.o [1]
PendSV_Handler          0x000040a7    0x2  Code  Gb  stm32f10x_it.o [1]
RBUFBASEADDRESS         0x20001488   0x10  Data  Gb  w5200.o [1]
RCC_APB1PeriphClockCmd  0x00002b35   0x20  Code  Gb  stm32f10x_rcc.o [1]
RCC_APB2PeriphClockCmd  0x00002b15   0x20  Code  Gb  stm32f10x_rcc.o [1]
RCC_Configuration       0x000027ed   0x76  Code  Gb  main.o [1]
RCC_DeInit              0x000028f9   0x5c  Code  Gb  stm32f10x_rcc.o [1]
RCC_GetClocksFreq       0x00002a55   0xc0  Code  Gb  stm32f10x_rcc.o [1]
RCC_GetFlagStatus       0x00002b55   0x44  Code  Gb  stm32f10x_rcc.o [1]
RCC_GetSYSCLKSource     0x00002a0d    0xa  Code  Gb  stm32f10x_rcc.o [1]
RCC_HCLKConfig          0x00002a17   0x14  Code  Gb  stm32f10x_rcc.o [1]
RCC_HSEConfig           0x00002955   0x4c  Code  Gb  stm32f10x_rcc.o [1]
RCC_IRQHandler          0x0000465b         Code  Wk  startup_stm32f10x_md.o [1]
RCC_PCLK1Config         0x00002a2b   0x14  Code  Gb  stm32f10x_rcc.o [1]
RCC_PCLK2Config         0x00002a3f   0x16  Code  Gb  stm32f10x_rcc.o [1]
RCC_PLLCmd              0x000029f1    0x8  Code  Gb  stm32f10x_rcc.o [1]
RCC_PLLConfig           0x000029db   0x16  Code  Gb  stm32f10x_rcc.o [1]
RCC_SYSCLKConfig        0x000029f9   0x14  Code  Gb  stm32f10x_rcc.o [1]
RCC_WaitForHSEStartUp   0x000029a1   0x3a  Code  Gb  stm32f10x_rcc.o [1]
RMASK                   0x20001448   0x10  Data  Gb  w5200.o [1]
RSIZE                   0x20001468   0x10  Data  Gb  w5200.o [1]
RTCAlarm_IRQHandler     0x000046eb         Code  Wk  startup_stm32f10x_md.o [1]
RTC_IRQHandler          0x00004653         Code  Wk  startup_stm32f10x_md.o [1]
Region$$Table$$Base     0x000042f0          --   Gb  - Linker created -
Region$$Table$$Limit    0x00004314          --   Gb  - Linker created -
Reset_Handler           0x0000456d         Code  Wk  startup_stm32f10x_md.o [1]
Reset_W5200             0x0000361d   0x24  Code  Gb  util.o [1]
SBUFBASEADDRESS         0x20001478   0x10  Data  Gb  w5200.o [1]
SMASK                   0x20001438   0x10  Data  Gb  w5200.o [1]
SPI1_IRQHandler         0x000046d3         Code  Wk  startup_stm32f10x_md.o [1]
SPI1_SendByte           0x00003d15   0x32  Code  Gb  SPI1.o [1]
SPI2_IRQHandler         0x000046d7         Code  Wk  startup_stm32f10x_md.o [1]
SPI_Cmd                 0x00003e27   0x1a  Code  Gb  stm32f10x_spi.o [1]
SPI_I2S_GetFlagStatus   0x00003e49   0x14  Code  Gb  stm32f10x_spi.o [1]
SPI_I2S_ReceiveData     0x00003e45    0x4  Code  Gb  stm32f10x_spi.o [1]
SPI_I2S_SendData        0x00003e41    0x4  Code  Gb  stm32f10x_spi.o [1]
SPI_Init                0x00003de9   0x3e  Code  Gb  stm32f10x_spi.o [1]
SSIZE                   0x20001458   0x10  Data  Gb  w5200.o [1]
SVC_Handler             0x000040a3    0x2  Code  Gb  stm32f10x_it.o [1]
Send_PW                 0x0000228d   0x28  Code  Gb  ftp.o [1]
Send_Port               0x000022b5   0x4a  Code  Gb  ftp.o [1]
Send_USER_ID            0x00002265   0x28  Code  Gb  ftp.o [1]
Send_cmd                0x000022ff  0x16a  Code  Gb  ftp.o [1]
SerialKeyPressed        0x00003b05   0x20  Code  Gb  hyperterminal.o [1]
SerialPutChar           0x00003b3d   0x1a  Code  Gb  hyperterminal.o [1]
SerialPutString         0x00003b57   0x16  Code  Gb  hyperterminal.o [1]
SetNetInfo              0x000010b7   0xea  Code  Gb  socket.o [1]
SetSubnet               0x00000db1    0x8  Code  Gb  socket.o [1]
SetSysClock             0x0000318f    0x8  Code  Lc  system_stm32f10x.o [1]
SetSysClockTo72         0x00003197   0xe0  Code  Lc  system_stm32f10x.o [1]
Subnet                  0x20000424    0x4  Data  Gb  main.o [1]
Subnet                  0x200014ac    0x4  Data  Lc  socket.o [1]
SysTick_Handler         0x000040a9    0x2  Code  Gb  stm32f10x_it.o [1]
SystemInit              0x0000313d   0x52  Code  Gb  system_stm32f10x.o [1]
TAMPER_IRQHandler       0x0000464f         Code  Wk  startup_stm32f10x_md.o [1]
TCPClientOpen           0x000013cd  0x242  Code  Gb  socket.o [1]
TCPClose                0x00001631   0xa6  Code  Gb  socket.o [1]
TCPRecv                 0x00001885   0xe6  Code  Gb  socket.o [1]
TCPSend                 0x000016d7  0x1ae  Code  Gb  socket.o [1]
TCPServerOpen           0x000012a7  0x126  Code  Gb  socket.o [1]
TIM1_BRK_IRQHandler     0x000046a7         Code  Wk  startup_stm32f10x_md.o [1]
TIM1_CC_IRQHandler      0x000046b3         Code  Wk  startup_stm32f10x_md.o [1]
TIM1_TRG_COM_IRQHandler
                        0x000046af         Code  Wk  startup_stm32f10x_md.o [1]
TIM1_UP_IRQHandler      0x000046ab         Code  Wk  startup_stm32f10x_md.o [1]
TIM2_IRQHandler         0x000040ab   0x20  Code  Gb  stm32f10x_it.o [1]
TIM3_IRQHandler         0x000040cb    0x2  Code  Gb  stm32f10x_it.o [1]
TIM4_IRQHandler         0x000046bf         Code  Wk  startup_stm32f10x_md.o [1]
TIM_ClearITPendingBit   0x000035eb    0x8  Code  Gb  stm32f10x_tim.o [1]
TIM_Cmd                 0x00003585   0x1a  Code  Gb  stm32f10x_tim.o [1]
TIM_GetITStatus         0x000035bd   0x2e  Code  Gb  stm32f10x_tim.o [1]
TIM_ITConfig            0x0000359f   0x18  Code  Gb  stm32f10x_tim.o [1]
TIM_PrescalerConfig     0x000035b7    0x6  Code  Gb  stm32f10x_tim.o [1]
TIM_TimeBaseInit        0x000034f1   0x94  Code  Gb  stm32f10x_tim.o [1]
Timer2_Counter          0x200014a8    0x4  Data  Gb  main.o [1]
Timer2_ISR              0x0000264f   0x18  Code  Gb  main.o [1]
Timer_Configuration     0x000028af   0x4a  Code  Gb  main.o [1]
USART1_IRQHandler       0x000040cd    0x2  Code  Gb  stm32f10x_it.o [1]
USART1_Init             0x00003679   0x3c  Code  Gb  util.o [1]
USART2_IRQHandler       0x000040cf    0x2  Code  Gb  stm32f10x_it.o [1]
USART3_IRQHandler       0x000046e3         Code  Wk  startup_stm32f10x_md.o [1]
USART_Cmd               0x00003901   0x1a  Code  Gb  stm32f10x_usart.o [1]
USART_GetFlagStatus     0x00003923   0x1c  Code  Gb  stm32f10x_usart.o [1]
USART_Init              0x0000383d   0xbe  Code  Gb  stm32f10x_usart.o [1]
USART_SendData          0x0000391b    0x8  Code  Gb  stm32f10x_usart.o [1]
USBWakeUp_IRQHandler    0x000046ef         Code  Wk  startup_stm32f10x_md.o [1]
USB_HP_CAN1_TX_IRQHandler
                        0x00004693         Code  Wk  startup_stm32f10x_md.o [1]
USB_LP_CAN1_RX0_IRQHandler
                        0x00004697         Code  Wk  startup_stm32f10x_md.o [1]
UsageFault_Handler      0x000040a1    0x2  Code  Gb  stm32f10x_it.o [1]
WIZ_CS                  0x00003cf3   0x22  Code  Gb  SPI1.o [1]
WIZ_Config              0x000024fd  0x152  Code  Gb  main.o [1]
WIZ_SPI_Init            0x00003ca1   0x52  Code  Gb  SPI1.o [1]
WWDG_IRQHandler         0x00004647         Code  Wk  startup_stm32f10x_md.o [1]
_GenldDefault           0x00000b15  0x24e  Code  Lc  xprintffull.o [3]
_LdtobDefault           0x00000701  0x40e  Code  Lc  xprintffull.o [3]
_LitobDefault           0x000005f3  0x10e  Code  Lc  xprintffull.o [3]
_Printf                 0x000000ed  0x506  Code  Gb  xprintffull.o [3]
_Prout                  0x000044cb   0x16  Code  Gb  xprout.o [3]
_PutcharsDefault        0x00000d7d   0x32  Code  Lc  xprintffull.o [3]
_SProut                 0x000045df    0xa  Code  Gb  xsprout.o [3]
__aeabi_cdcmple         0x00004199         Code  Gb  DblCmpLe.o [4]
__aeabi_cdrcmple        0x000041c9         Code  Gb  DblCmpGe.o [4]
__aeabi_d2iz            0x00003f8d         Code  Gb  DblToI32.o [4]
__aeabi_d2uiz           0x00003fb9         Code  Gb  DblToI32.o [4]
__aeabi_dadd            0x00003941         Code  Gb  DblAdd.o [4]
__aeabi_ddiv            0x00002bd1         Code  Gb  DblDiv.o [4]
__aeabi_dmul            0x00002e19         Code  Gb  DblMul.o [4]
__aeabi_dsub            0x00002fbd         Code  Gb  DblSub.o [4]
__aeabi_i2d             0x000041f9         Code  Gb  I32ToDbl.o [4]
__aeabi_ldiv0           0x00004621         Code  Gb  I64DivZer.o [4]
__aeabi_ldivmod         0x00003295         Code  Gb  I64DivMod.o [4]
__aeabi_memcpy          0x00003e5d         Code  Gb  ABImemcpy.o [4]
__aeabi_memcpy4         0x00003e77         Code  Gb  ABImemcpy.o [4]
__aeabi_memcpy8         0x00003e77         Code  Gb  ABImemcpy.o [4]
__aeabi_memset          0x00003ecd         Code  Gb  ABImemset.o [4]
__aeabi_ui2d            0x0000420d         Code  Gb  I32ToDbl.o [4]
__aeabi_uldivmod        0x000032a9         Code  Gb  I64DivMod.o [4]
__exit                  0x00004545   0x14  Code  Gb  exit.o [5]
__iar_Dnorm             0x00003bd9   0xc6  Code  Gb  xdnorm.o [3]
__iar_Dscale            0x00003735  0x108  Code  Gb  xdscale.o [3]
__iar_Memchr            0x00003f35         Code  Gb  memchr.o [4]
__iar_Memset            0x00003ecd         Code  Gb  ABImemset.o [4]
__iar_Memset_word       0x00003ed5         Code  Gb  ABImemset.o [4]
__iar_Strchr            0x000044b5         Code  Gb  strchr.o [4]
__iar_Strstr            0x00004169   0x30  Code  Gb  strstr.o [3]
__iar_copy_init2        0x000042cd   0x24  Code  Gb  copy_init2.o [4]
__iar_d2uiz             0x00003fc3         Code  Gb  DblToI32.o [4]
__iar_dadd              0x00003953         Code  Gb  DblAdd.o [4]
__iar_data_init2        0x00004355   0x20  Code  Gb  data_init2.o [4]
__iar_dsub              0x00002fcf         Code  Gb  DblSub.o [4]
__iar_dsubStart         0x00002fe1         Code  Gb  DblSub.o [4]
__iar_program_start     0x0000449d         Code  Gb  cmain.o [4]
__iar_sh_stdout_close   0x0000441d   0x16  Code  Gb  iarwstd.o [5]
__iar_sh_stdout_handle  0x200014b4    0x4  Data  Lc  iarwstd.o [5]
__iar_ui2d              0x0000420f         Code  Gb  I32ToDbl.o [4]
__iar_zero_init2        0x00004439   0x1a  Code  Gb  zero_init2.o [4]
__low_level_init        0x000046f3    0x4  Code  Gb  low_level_init.o [3]
__vector_table          0x00000000         Data  Gb  startup_stm32f10x_md.o [1]
_exit                   0x000045d5         Code  Gb  cexit.o [4]
_main                   0x000044af         Code  Gb  cmain.o [4]
bRunDTP                 0x200014ba    0x1  Data  Lc  ftp.o [1]
bRunPutFile             0x200014bb    0x1  Data  Lc  ftp.o [1]
cmd_buf                 0x20000438  0x800  Data  Gb  ftp.o [1]
data_buf                0x20000c38  0x800  Data  Gb  ftp.o [1]
div                     0x0000458b    0xe  Code  Gb  div.o [3]
exit                    0x00004619    0x6  Code  Gb  exit.o [3]
ftp_client_DTP          0x0000211f  0x11e  Code  Gb  ftp.o [1]
ftp_client_PI           0x00001f59  0x1c6  Code  Gb  ftp.o [1]
getGAR                  0x00001bd3   0x26  Code  Gb  w5200.o [1]
getIINCHIP_RxBASE       0x000019af    0xa  Code  Gb  w5200.o [1]
getIINCHIP_RxMASK       0x0000199b    0xa  Code  Gb  w5200.o [1]
getIINCHIP_RxMAX        0x00001987    0xa  Code  Gb  w5200.o [1]
getIINCHIP_TxBASE       0x000019b9    0xa  Code  Gb  w5200.o [1]
getIINCHIP_TxMASK       0x000019a5    0xa  Code  Gb  w5200.o [1]
getIINCHIP_TxMAX        0x00001991    0xa  Code  Gb  w5200.o [1]
getSHAR                 0x00001bf9   0x36  Code  Gb  w5200.o [1]
getSIPR                 0x00001c2f   0x26  Code  Gb  w5200.o [1]
getSn_RX_RSR            0x00001cf7   0x7c  Code  Gb  w5200.o [1]
getSn_SR                0x00001c63   0x18  Code  Gb  w5200.o [1]
getSn_TX_FSR            0x00001c7b   0x7c  Code  Gb  w5200.o [1]
init_windowfull_retry_cnt
                        0x0000197d    0xa  Code  Gb  w5200.o [1]
local_port              0x200014b8    0x2  Data  Lc  socket.o [1]
main                    0x00002667   0x3c  Code  Gb  main.o [1]
memchr                  0x00003f35         Code  Gb  memchr.o [4]
memcpy                  0x0000457d    0xe  Code  Gb  ftp.o [1]
memset                  0x00004559   0x14  Code  Gb  ftp.o [1]
printf                  0x00004335   0x20  Code  Gb  printf.o [3]
putchar                 0x00003707   0x20  Code  Gb  util.o [1]
recv_data_processing    0x00001e65   0xf2  Code  Gb  w5200.o [1]
send_data_processing    0x00001d73   0xf2  Code  Gb  w5200.o [1]
setGAR                  0x00001b2b   0x26  Code  Gb  w5200.o [1]
setMR                   0x00001c55    0xe  Code  Gb  w5200.o [1]
setSHAR                 0x00001b77   0x36  Code  Gb  w5200.o [1]
setSIPR                 0x00001bad   0x26  Code  Gb  w5200.o [1]
setSUBR                 0x00001b51   0x26  Code  Gb  w5200.o [1]
sprintf                 0x00004139   0x30  Code  Gb  sprintf.o [3]
strchr                  0x000044b5         Code  Gb  strchr.o [4]
strlen                  0x000040d1         Code  Gb  strlen.o [4]
strstr                  0x00004611    0x8  Code  Gb  ftp.o [1]
windowfull_retry_cnt    0x20001498    0x8  Data  Gb  w5200.o [1]
wizInit                 0x00000dc9   0x30  Code  Gb  socket.o [1]
wizMemInit              0x00000e03  0x2b4  Code  Gb  socket.o [1]
wizSWReset              0x00000df9    0xa  Code  Gb  socket.o [1]


[1] = C:\Documents and Settings\Young-Wan\My Documents\W5200_newAPI\Application Note\W5200E01-M3_FTPC\Work\App\Debug\Obj
[2] = command line
[3] = dl7M_tl_in.a
[4] = rt7M_tl.a
[5] = shb_l.a

  17 314 bytes of readonly  code memory
     910 bytes of readonly  data memory
   5 310 bytes of readwrite data memory

Errors: none
Warnings: none
